[templates.hibotheme.com/aixio/default/about-us.html]
[templates.hibotheme.com/aixio/default/assets/css/bootstrap.min.css]
[templates.hibotheme.com/aixio/default/assets/css/swiper-bundle.min.css]
[templates.hibotheme.com/aixio/default/assets/css/scrollcue.min.css]
[templates.hibotheme.com/aixio/default/assets/css/remixicon.css]
[templates.hibotheme.com/aixio/default/assets/css/header.css]
[templates.hibotheme.com/aixio/default/assets/css/style.css]
[templates.hibotheme.com/aixio/default/assets/css/footer.css]
[templates.hibotheme.com/aixio/default/assets/css/responsive.css]
[backblue.gif]
[fade.gif]
[index.html]
[templates.hibotheme.com/aixio/default/assets/css/dark-theme.css]
[templates.hibotheme.com/aixio/default/assets/img/favicon.png]
[templates.hibotheme.com/aixio/default/index.html]
[templates.hibotheme.com/aixio/default/assets/img/logo.png]
[templates.hibotheme.com/aixio/default/assets/img/logo-white.png]
[templates.hibotheme.com/aixio/default/index-2.html]
[templates.hibotheme.com/aixio/default/index-3.html]
[templates.hibotheme.com/aixio/default/services.html]
[templates.hibotheme.com/aixio/default/service-details.html]
[templates.hibotheme.com/aixio/default/careers.html]
[templates.hibotheme.com/aixio/default/career-single.html]
[templates.hibotheme.com/aixio/default/team.html]
[templates.hibotheme.com/aixio/default/testimonials.html]
[templates.hibotheme.com/aixio/default/pricing-plan.html]
[templates.hibotheme.com/aixio/default/faq.html]
[templates.hibotheme.com/aixio/default/terms-conditions.html]
[templates.hibotheme.com/aixio/default/privacy-policy.html]
[templates.hibotheme.com/aixio/default/error-404.html]
[templates.hibotheme.com/aixio/default/projects.html]
[templates.hibotheme.com/aixio/default/project-single.html]
[templates.hibotheme.com/aixio/default/shop-left-sidebar.html]
[templates.hibotheme.com/aixio/default/shop-right-sidebar.html]
[templates.hibotheme.com/aixio/default/shop-grid.html]
[templates.hibotheme.com/aixio/default/product-single.html]
[templates.hibotheme.com/aixio/default/cart.html]
[templates.hibotheme.com/aixio/default/wishlist.html]
[templates.hibotheme.com/aixio/default/checkout.html]
[templates.hibotheme.com/aixio/default/login.html]
[templates.hibotheme.com/aixio/default/register.html]
[templates.hibotheme.com/aixio/default/blog-left-sidebar.html]
[templates.hibotheme.com/aixio/default/blog-right-sidebar.html]
[templates.hibotheme.com/aixio/default/blog-grid.html]
[templates.hibotheme.com/aixio/default/blog-single-left-sidebar.html]
[templates.hibotheme.com/aixio/default/blog-single-right-sidebar.html]
[templates.hibotheme.com/aixio/default/blog-single-no-sidebar.html]
[templates.hibotheme.com/aixio/default/posts-by-author.html]
[templates.hibotheme.com/aixio/default/posts-by-date.html]
[templates.hibotheme.com/aixio/default/posts-by-category.html]
[templates.hibotheme.com/aixio/default/posts-by-tag.html]
[templates.hibotheme.com/aixio/default/contact.html]
[templates.hibotheme.com/aixio/default/assets/img/icons/right-arrow-white.svg]
[templates.hibotheme.com/aixio/default/assets/img/icons/search.svg]
[templates.hibotheme.com/aixio/default/assets/img/about/about-img-1.png]
[templates.hibotheme.com/aixio/default/assets/img/about/about-shape-3.png]
[templates.hibotheme.com/aixio/default/assets/img/about/thumbnail-2.png]
[templates.hibotheme.com/aixio/default/assets/img/about/thumbnail-3.png]
[templates.hibotheme.com/aixio/default/assets/img/about/thumbnail-2.jpg]
[templates.hibotheme.com/aixio/default/assets/img/about/mission-thumb.png]
[templates.hibotheme.com/aixio/default/assets/img/box-shape-2.png]
[templates.hibotheme.com/aixio/default/assets/img/box-shape-3.png]
[templates.hibotheme.com/aixio/default/assets/img/icons/shield-pink.svg]
[templates.hibotheme.com/aixio/default/assets/img/icons/compliance-pink.svg]
[templates.hibotheme.com/aixio/default/assets/img/icons/folder-pink.svg]
[templates.hibotheme.com/aixio/default/assets/img/icons/encrypted.svg]
[templates.hibotheme.com/aixio/default/assets/img/icons/lock-pink.svg]
[templates.hibotheme.com/aixio/default/assets/img/icons/sensor-pink.svg]
[templates.hibotheme.com/aixio/default/assets/img/icons/right-arrow-black.svg]
[templates.hibotheme.com/aixio/default/assets/img/trusted-client-white.png]
[templates.hibotheme.com/aixio/default/assets/img/icons/quote-pink.svg]
[templates.hibotheme.com/aixio/default/assets/img/clients/client-1.jpg]
[templates.hibotheme.com/aixio/default/assets/img/clients/client-2.jpg]
[templates.hibotheme.com/aixio/default/assets/img/clients/client-3.jpg]
[templates.hibotheme.com/aixio/default/assets/img/icons/left-arrow-black.svg]
[templates.hibotheme.com/aixio/default/assets/img/icons/lock.svg]
[templates.hibotheme.com/aixio/default/assets/img/about/ai-logo.png]
[templates.hibotheme.com/aixio/default/assets/img/about/ai-img-1.jpg]
[templates.hibotheme.com/aixio/default/assets/img/icons/shield-white.svg]
[templates.hibotheme.com/aixio/default/assets/img/icons/shield-blue.svg]
[templates.hibotheme.com/aixio/default/assets/img/brand/brand-1.svg]
[templates.hibotheme.com/aixio/default/assets/img/brand/brand-2.svg]
[templates.hibotheme.com/aixio/default/assets/img/brand/brand-3.svg]
[templates.hibotheme.com/aixio/default/assets/img/brand/brand-4.svg]
[templates.hibotheme.com/aixio/default/assets/img/brand/brand-5.svg]
[templates.hibotheme.com/aixio/default/assets/img/brand/brand-6.svg]
[templates.hibotheme.com/aixio/default/assets/img/brand/brand-7.svg]
[templates.hibotheme.com/aixio/default/assets/img/brand/brand-8.svg]
[templates.hibotheme.com/aixio/default/assets/img/team/team-thumb-1.jpg]
[templates.hibotheme.com/aixio/default/assets/img/team/team-thumb-2.jpg]
[templates.hibotheme.com/aixio/default/assets/img/team/team-thumb-3.jpg]
[templates.hibotheme.com/aixio/default/assets/img/team/team-thumb-4.jpg]
[templates.hibotheme.com/aixio/default/assets/img/team/team-thumb-5.jpg]
[templates.hibotheme.com/aixio/default/assets/img/team/team-thumb-6.jpg]
[templates.hibotheme.com/aixio/default/assets/img/icons/left-arrow-large.svg]
[templates.hibotheme.com/aixio/default/assets/img/icons/right-arrow-large.svg]
[templates.hibotheme.com/aixio/default/assets/img/features/automation.svg]
[templates.hibotheme.com/aixio/default/assets/img/features/system-integration.svg]
[templates.hibotheme.com/aixio/default/assets/img/features/analytics.svg]
[templates.hibotheme.com/aixio/default/assets/img/features/modular-design.svg]
[templates.hibotheme.com/aixio/default/assets/img/features/feature-6.png]
[templates.hibotheme.com/aixio/default/assets/img/icons/pin-small.svg]
[templates.hibotheme.com/aixio/default/assets/img/icons/mail-small.svg]
[templates.hibotheme.com/aixio/default/assets/img/icons/phone-small.svg]
[templates.hibotheme.com/aixio/default/assets/img/icons/plane-small.svg]
[templates.hibotheme.com/aixio/default/assets/img/logo-large.png]
[templates.hibotheme.com/cdn-cgi/scripts/5c5dd728/cloudflare-static/email-decode.min.js]
[templates.hibotheme.com/aixio/default/assets/js/bootstrap.bundle.min.js]
[templates.hibotheme.com/aixio/default/assets/js/megamenu.js]
[templates.hibotheme.com/aixio/default/assets/js/swiper-bundle.min.js]
[templates.hibotheme.com/aixio/default/assets/js/fslightbox.js]
[templates.hibotheme.com/aixio/default/assets/js/gsap.min.js]
[templates.hibotheme.com/aixio/default/assets/js/scrollTrigger.min.js]
[templates.hibotheme.com/aixio/default/assets/js/lenis.min.js]
[templates.hibotheme.com/aixio/default/assets/js/scrollToPlugin.js]
[templates.hibotheme.com/aixio/default/assets/js/SplitText.min.js]
[templates.hibotheme.com/aixio/default/assets/js/customEase.js]
[templates.hibotheme.com/aixio/default/assets/js/scrollcue.min.js]
[templates.hibotheme.com/aixio/default/about-us.html]
[templates.hibotheme.com/aixio/default/assets/css/bootstrap.min.css]
[templates.hibotheme.com/aixio/default/assets/css/swiper-bundle.min.css]
[templates.hibotheme.com/aixio/default/assets/css/scrollcue.min.css]
[templates.hibotheme.com/aixio/default/assets/js/main.js]
[templates.hibotheme.com/aixio/default/assets/fonts/remixicon9711.eot]
[templates.hibotheme.com/aixio/default/assets/fonts/remixicon9711.woff2]
[templates.hibotheme.com/aixio/default/assets/fonts/remixicon9711.woff]
[templates.hibotheme.com/aixio/default/assets/fonts/remixicon9711.ttf]
[templates.hibotheme.com/aixio/default/assets/css/remixicon.css]
[templates.hibotheme.com/aixio/default/assets/css/header.css]
[templates.hibotheme.com/aixio/default/assets/fonts/remixicon9711.svg]
[templates.hibotheme.com/aixio/default/assets/fonts/clashdisplay-variable.ttf]
[templates.hibotheme.com/aixio/default/assets/img/breadcrumb/br-bg-1.png]
[templates.hibotheme.com/aixio/default/assets/img/hero/hero-bg-2.jpg]
[templates.hibotheme.com/aixio/default/assets/img/hero/hero-bg-3.jpg]
[templates.hibotheme.com/aixio/default/assets/img/about/vision-bg.jpg]
[templates.hibotheme.com/aixio/default/assets/img/about/mission-bg.jpg]
[templates.hibotheme.com/aixio/default/assets/img/about/wh-img-2.jpg]
[templates.hibotheme.com/aixio/default/assets/img/about/wh-img-4.png]
[templates.hibotheme.com/aixio/default/assets/img/about/wh-bg-1.jpg]
[templates.hibotheme.com/aixio/default/assets/img/counter-bg.jpg]
[templates.hibotheme.com/aixio/default/assets/img/projects/project-9.jpg]
[templates.hibotheme.com/aixio/default/assets/img/projects/project-2.jpg]
[templates.hibotheme.com/aixio/default/assets/img/projects/project-3.jpg]
[templates.hibotheme.com/aixio/default/assets/img/projects/project-4.jpg]
[templates.hibotheme.com/aixio/default/assets/img/projects/project-5.jpg]
[templates.hibotheme.com/aixio/default/assets/img/projects/project-6.jpg]
[templates.hibotheme.com/aixio/default/assets/img/about/data-bg.jpg]
[templates.hibotheme.com/aixio/default/assets/img/about/data-card-bg-2.jpg]
[templates.hibotheme.com/aixio/default/assets/img/cta-bg-1.jpg]
[templates.hibotheme.com/aixio/default/assets/img/cta-bg-2.jpg]
[templates.hibotheme.com/aixio/default/assets/img/team/team-1.jpg]
[templates.hibotheme.com/aixio/default/assets/img/team/team-2.jpg]
[templates.hibotheme.com/aixio/default/assets/img/team/team-3.jpg]
[templates.hibotheme.com/aixio/default/assets/img/team/team-4.jpg]
[templates.hibotheme.com/aixio/default/assets/img/team/team-5.jpg]
[templates.hibotheme.com/aixio/default/assets/img/team/team-6.jpg]
[templates.hibotheme.com/aixio/default/assets/img/team/team-7.jpg]
[templates.hibotheme.com/aixio/default/assets/img/team/team-8.jpg]
[templates.hibotheme.com/aixio/default/assets/img/about/faq-bg.jpg]
[templates.hibotheme.com/aixio/default/assets/img/login-bg-1.jpg]
[templates.hibotheme.com/aixio/default/assets/img/login-bg-2.jpg]
[templates.hibotheme.com/aixio/default/assets/img/docs-bg.jpg]
[templates.hibotheme.com/aixio/default/assets/img/icons/down-arrow-fill-ash.svg]
[templates.hibotheme.com/aixio/default/assets/img/promo-bg.jpg]
[templates.hibotheme.com/aixio/default/assets/css/style.css]
[templates.hibotheme.com/aixio/default/assets/css/footer.css]
[templates.hibotheme.com/aixio/default/assets/css/responsive.css]
[templates.hibotheme.com/aixio/default/assets/img/night.png]
[templates.hibotheme.com/aixio/default/assets/img/sunny.png]
[templates.hibotheme.com/aixio/default/assets/css/dark-theme.css]
[templates.hibotheme.com/aixio/default/assets/img/icons/down-arrow-fill-white.svg]
[templates.hibotheme.com/aixio/default/assets/img/icons/search-long-white.svg]
[templates.hibotheme.com/aixio/default/assets/img/hero/hero-bg-shape.png]
[templates.hibotheme.com/aixio/default/assets/img/hero/hero-shape-1.png]
[templates.hibotheme.com/aixio/default/assets/img/hero/hero-shape-2.png]
[templates.hibotheme.com/aixio/default/assets/img/hero/slack.png]
[templates.hibotheme.com/aixio/default/assets/img/hero/chart.png]
[templates.hibotheme.com/aixio/default/assets/img/hero/graph.png]
[templates.hibotheme.com/aixio/default/assets/img/hero/pie-chart.png]
[templates.hibotheme.com/aixio/default/assets/img/icons/rating-box.svg]
[templates.hibotheme.com/aixio/default/assets/img/icons/doc.svg]
[templates.hibotheme.com/aixio/default/assets/img/half-curcle.png]
[templates.hibotheme.com/aixio/default/assets/img/icons/speaker.svg]
[templates.hibotheme.com/aixio/default/assets/img/features/feature-1.png]
[templates.hibotheme.com/aixio/default/assets/img/features/feature-2.png]
[templates.hibotheme.com/aixio/default/assets/img/features/feature-3.png]
[templates.hibotheme.com/aixio/default/assets/img/features/feature-4.png]
[templates.hibotheme.com/aixio/default/assets/img/about/shape.png]
[templates.hibotheme.com/aixio/default/assets/img/about/thumbnail.png]
[templates.hibotheme.com/aixio/default/assets/img/about/chart-1.png]
[templates.hibotheme.com/aixio/default/assets/img/about/process-1.png]
[templates.hibotheme.com/aixio/default/assets/img/about/integration-line.png]
[templates.hibotheme.com/aixio/default/assets/img/about/ms.png]
[templates.hibotheme.com/aixio/default/assets/img/about/drive.png]
[templates.hibotheme.com/aixio/default/assets/img/about/slack.png]
[templates.hibotheme.com/aixio/default/assets/img/about/discord.png]
[templates.hibotheme.com/aixio/default/assets/img/about/integration-circle.png]
[templates.hibotheme.com/aixio/default/assets/img/about/git.png]
[templates.hibotheme.com/aixio/default/assets/img/about/teams.png]
[templates.hibotheme.com/aixio/default/assets/img/about/chatgpt.png]
[templates.hibotheme.com/aixio/default/assets/img/about/onedrive.png]
[templates.hibotheme.com/aixio/default/assets/img/clients/client-4.jpg]
[templates.hibotheme.com/aixio/default/assets/img/clients/client-5.jpg]
[templates.hibotheme.com/aixio/default/assets/img/clients/client-6.jpg]
[templates.hibotheme.com/aixio/default/assets/img/about/benefit-1.png]
[templates.hibotheme.com/aixio/default/assets/img/cta-shape-1.png]
[templates.hibotheme.com/aixio/default/assets/img/cta-img-1.png]
[templates.hibotheme.com/aixio/default/assets/img/icons/up-right-arrow.svg]
[templates.hibotheme.com/aixio/default/assets/img/req-demo-white.svg]
[templates.hibotheme.com/aixio/default/assets/img/blog/blog-1.jpg]
[templates.hibotheme.com/aixio/default/assets/img/blog/blog-2.jpg]
[templates.hibotheme.com/aixio/default/assets/img/blog/blog-3.jpg]
[templates.hibotheme.com/aixio/default/index.html]
[templates.hibotheme.com/aixio/default/assets/img/hero/section-shape-1.png]
[templates.hibotheme.com/aixio/default/assets/img/hero/hero-img-2.png]
[templates.hibotheme.com/aixio/default/assets/img/hero/circle-text.svg]
[templates.hibotheme.com/aixio/default/assets/img/about/about-img-2.jpg]
[templates.hibotheme.com/aixio/default/assets/img/section-shape-3.png]
[templates.hibotheme.com/aixio/default/assets/img/section-shape-2.png]
[templates.hibotheme.com/aixio/default/assets/img/line-shape.png]
[templates.hibotheme.com/aixio/default/assets/img/icons/ransomeware.svg]
[templates.hibotheme.com/aixio/default/assets/img/icons/security.svg]
[templates.hibotheme.com/aixio/default/assets/img/icons/unlocking.svg]
[templates.hibotheme.com/aixio/default/assets/img/icons/phishing.svg]
[templates.hibotheme.com/aixio/default/assets/img/box-shape.png]
[templates.hibotheme.com/aixio/default/assets/img/about/platform-1.jpg]
[templates.hibotheme.com/aixio/default/assets/img/icons/bank.svg]
[templates.hibotheme.com/aixio/default/assets/img/icons/cloud.svg]
[templates.hibotheme.com/aixio/default/assets/img/icons/monitor.svg]
[templates.hibotheme.com/aixio/default/assets/img/icons/desktop.svg]
[templates.hibotheme.com/aixio/default/assets/img/icons/up-right-arrow-white.svg]
[templates.hibotheme.com/aixio/default/assets/img/request-demo.svg]
[templates.hibotheme.com/aixio/default/assets/img/blog/blog-4.jpg]
[templates.hibotheme.com/aixio/default/assets/img/blog/blog-5.jpg]
[templates.hibotheme.com/aixio/default/assets/img/blog/blog-6.jpg]
[templates.hibotheme.com/aixio/default/assets/img/blog/blog-7.jpg]
[templates.hibotheme.com/aixio/default/index-2.html]
[templates.hibotheme.com/aixio/default/assets/img/hero/half-circle.png]
[templates.hibotheme.com/aixio/default/assets/img/hero/hero-img-3.png]
[templates.hibotheme.com/aixio/default/assets/img/services/service-card-shape-1.png]
[templates.hibotheme.com/aixio/default/assets/img/services/service-card-shape-2.png]
[templates.hibotheme.com/aixio/default/assets/img/services/service-box-1.png]
[templates.hibotheme.com/aixio/default/assets/img/services/service-box-2.png]
[templates.hibotheme.com/aixio/default/assets/img/services/service-box-3.png]
[templates.hibotheme.com/aixio/default/assets/img/services/service-box-4.png]
[templates.hibotheme.com/aixio/default/assets/img/about/about-shape-1.png]
[templates.hibotheme.com/aixio/default/assets/img/about/about-shape-2.png]
[templates.hibotheme.com/aixio/default/assets/img/about/about-thumb-2.png]
[templates.hibotheme.com/aixio/default/assets/img/about/about-thumb-4.jpg]
[templates.hibotheme.com/aixio/default/assets/img/about/experience-text.png]
[templates.hibotheme.com/aixio/default/assets/img/about/about-img-3.png]
[templates.hibotheme.com/aixio/default/assets/img/about/wh-img-3.jpg]
[templates.hibotheme.com/aixio/default/assets/img/box-shape-4.png]
[templates.hibotheme.com/aixio/default/assets/img/box-shape-5.png]
[templates.hibotheme.com/aixio/default/assets/img/trusted-clients.svg]
[templates.hibotheme.com/aixio/default/assets/img/icons/quote-2.svg]
[templates.hibotheme.com/aixio/default/assets/img/icons/left-arrow-secondary-large.svg]
[templates.hibotheme.com/aixio/default/assets/img/icons/right-arrow-secondary-large.svg]
[templates.hibotheme.com/aixio/default/assets/img/blog/blog-8.jpg]
[templates.hibotheme.com/aixio/default/assets/img/blog/blog-9.jpg]
[templates.hibotheme.com/aixio/default/index-3.html]
[templates.hibotheme.com/aixio/default/assets/img/services/service-icon-1.svg]
[templates.hibotheme.com/aixio/default/assets/img/services/service-icon-2.svg]
[templates.hibotheme.com/aixio/default/assets/img/services/service-icon-3.svg]
[templates.hibotheme.com/aixio/default/assets/img/services/service-icon-4.svg]
[templates.hibotheme.com/aixio/default/assets/img/services/service-icon-5.svg]
[templates.hibotheme.com/aixio/default/assets/img/services/service-icon-6.svg]
[templates.hibotheme.com/aixio/default/assets/img/services/service-icon-7.svg]
[templates.hibotheme.com/aixio/default/assets/img/services/service-icon-8.svg]
[templates.hibotheme.com/aixio/default/assets/img/icons/left-arrow-blue.svg]
[templates.hibotheme.com/aixio/default/services.html]
[templates.hibotheme.com/aixio/default/assets/img/icons/right-arrow-blue-2.svg]
[templates.hibotheme.com/aixio/default/assets/img/services/single-service-1.jpg]
[templates.hibotheme.com/aixio/default/assets/img/icons/quote-white-large.svg]
[templates.hibotheme.com/aixio/default/service-details.html]
[templates.hibotheme.com/aixio/default/assets/img/icons/download-icon.svg]
[templates.hibotheme.com/aixio/default/assets/img/job/job-1.jpg]
[templates.hibotheme.com/aixio/default/assets/img/job/job-2.jpg]
[templates.hibotheme.com/aixio/default/assets/img/job/job-3.jpg]
[templates.hibotheme.com/aixio/default/assets/img/job/job-4.jpg]
[templates.hibotheme.com/aixio/default/assets/img/job/job-5.jpg]
[templates.hibotheme.com/aixio/default/assets/img/job/job-6.jpg]
[templates.hibotheme.com/aixio/default/assets/img/job/job-7.jpg]
[templates.hibotheme.com/aixio/default/assets/img/job/job-8.jpg]
[templates.hibotheme.com/aixio/default/careers.html]
[templates.hibotheme.com/aixio/default/assets/img/job/single-job-1.jpg]
[templates.hibotheme.com/aixio/default/career-single.html]
[templates.hibotheme.com/aixio/default/assets/img/team/team-thumb-7.jpg]
[templates.hibotheme.com/aixio/default/assets/img/team/team-thumb-8.jpg]
[templates.hibotheme.com/aixio/default/team.html]
[templates.hibotheme.com/aixio/default/testimonials.html]
[templates.hibotheme.com/aixio/default/pricing-plan.html]
[templates.hibotheme.com/aixio/default/assets/img/about/integration-circle-2.png]
[templates.hibotheme.com/aixio/default/faq.html]
[templates.hibotheme.com/aixio/default/terms-conditions.html]
[templates.hibotheme.com/aixio/default/privacy-policy.html]
[templates.hibotheme.com/aixio/default/assets/img/error.png]
[templates.hibotheme.com/aixio/default/error-404.html]
[templates.hibotheme.com/aixio/default/assets/img/projects/project-1.jpg]
[templates.hibotheme.com/aixio/default/assets/img/projects/project-7.jpg]
[templates.hibotheme.com/aixio/default/assets/img/projects/project-8.jpg]
[templates.hibotheme.com/aixio/default/projects.html]
[templates.hibotheme.com/aixio/default/assets/img/projects/single-project-1.jpg]
[templates.hibotheme.com/aixio/default/assets/img/projects/single-project-2.jpg]
[templates.hibotheme.com/aixio/default/assets/img/projects/single-project-3.jpg]
[templates.hibotheme.com/aixio/default/project-single.html]
[templates.hibotheme.com/aixio/default/assets/img/icons/search-white.svg]
[templates.hibotheme.com/aixio/default/assets/img/icons/right-arrow-blue.svg]
[templates.hibotheme.com/aixio/default/assets/img/products/product-thumb-4.jpg]
[templates.hibotheme.com/aixio/default/assets/img/icons/star-small.svg]
[templates.hibotheme.com/aixio/default/assets/img/products/product-thumb-5.jpg]
[templates.hibotheme.com/aixio/default/assets/img/products/product-thumb-6.jpg]
[templates.hibotheme.com/aixio/default/assets/img/products/product-1.jpg]
[templates.hibotheme.com/aixio/default/assets/img/products/product-2.jpg]
[templates.hibotheme.com/aixio/default/assets/img/products/product-3.jpg]
[templates.hibotheme.com/aixio/default/assets/img/products/product-4.jpg]
[templates.hibotheme.com/aixio/default/assets/img/products/product-5.jpg]
[templates.hibotheme.com/aixio/default/assets/img/products/product-6.jpg]
[templates.hibotheme.com/aixio/default/shop-left-sidebar.html]
[templates.hibotheme.com/aixio/default/shop-right-sidebar.html]
[templates.hibotheme.com/aixio/default/shop-grid.html]
[templates.hibotheme.com/aixio/default/assets/img/products/single-product-1.jpg]
[templates.hibotheme.com/aixio/default/assets/img/blog/avatar-1.jpg]
[templates.hibotheme.com/aixio/default/assets/img/blog/avatar-3.jpg]
[templates.hibotheme.com/aixio/default/product-single.html]
[templates.hibotheme.com/aixio/default/assets/img/products/product-thumb-1.jpg]
[templates.hibotheme.com/aixio/default/assets/img/products/product-thumb-2.jpg]
[templates.hibotheme.com/aixio/default/assets/img/products/product-thumb-3.jpg]
[templates.hibotheme.com/aixio/default/cart.html]
[templates.hibotheme.com/aixio/default/wishlist.html]
[templates.hibotheme.com/aixio/default/checkout.html]
[templates.hibotheme.com/aixio/default/login.html]
[templates.hibotheme.com/aixio/default/register.html]
[templates.hibotheme.com/aixio/default/assets/img/icons/google.svg]
[templates.hibotheme.com/aixio/default/assets/img/blog/post-thumb-1.jpg]
[templates.hibotheme.com/aixio/default/assets/img/blog/post-thumb-2.jpg]
[templates.hibotheme.com/aixio/default/assets/img/blog/post-thumb-3.jpg]
[templates.hibotheme.com/aixio/default/assets/img/blog/blog-10.jpg]
[templates.hibotheme.com/aixio/default/assets/img/blog/blog-11.jpg]
[templates.hibotheme.com/aixio/default/assets/img/blog/blog-12.jpg]
[templates.hibotheme.com/aixio/default/assets/img/blog/blog-13.jpg]
[templates.hibotheme.com/aixio/default/assets/img/blog/blog-14.jpg]
[templates.hibotheme.com/aixio/default/blog-left-sidebar.html]
[templates.hibotheme.com/aixio/default/blog-right-sidebar.html]
[templates.hibotheme.com/aixio/default/blog-grid.html]
[templates.hibotheme.com/aixio/default/assets/img/blog/single-blog-1.jpg]
[templates.hibotheme.com/aixio/default/assets/img/blog/single-blog-2.jpg]
[templates.hibotheme.com/aixio/default/assets/img/blog/single-blog-3.jpg]
[templates.hibotheme.com/aixio/default/assets/img/blog/avatar-2.jpg]
[templates.hibotheme.com/aixio/default/blog-single-left-sidebar.html]
[templates.hibotheme.com/aixio/default/blog-single-right-sidebar.html]
[templates.hibotheme.com/aixio/default/blog-single-no-sidebar.html]
[templates.hibotheme.com/aixio/default/posts-by-author.html]
[templates.hibotheme.com/aixio/default/posts-by-date.html]
[templates.hibotheme.com/aixio/default/posts-by-category.html]
[templates.hibotheme.com/aixio/default/posts-by-tag.html]
[templates.hibotheme.com/aixio/default/assets/img/icons/phone-black.svg]
[templates.hibotheme.com/aixio/default/assets/img/icons/pin-black.svg]
[templates.hibotheme.com/aixio/default/assets/img/contact-img.png]
[templates.hibotheme.com/aixio/default/contact.html]
[templates.hibotheme.com/aixio/default/assets/img/icons/right-arrow-white.svg]
[templates.hibotheme.com/aixio/default/assets/img/icons/search.svg]
[templates.hibotheme.com/aixio/default/assets/img/icons/shield-pink.svg]
[templates.hibotheme.com/aixio/default/assets/img/icons/compliance-pink.svg]
[templates.hibotheme.com/aixio/default/assets/img/icons/folder-pink.svg]
[templates.hibotheme.com/aixio/default/assets/img/icons/encrypted.svg]
[templates.hibotheme.com/aixio/default/assets/img/icons/lock-pink.svg]
[templates.hibotheme.com/aixio/default/assets/img/icons/sensor-pink.svg]
[templates.hibotheme.com/aixio/default/assets/img/icons/right-arrow-black.svg]
[templates.hibotheme.com/aixio/default/assets/img/icons/quote-pink.svg]
[templates.hibotheme.com/aixio/default/assets/img/icons/left-arrow-black.svg]
[templates.hibotheme.com/aixio/default/assets/img/icons/lock.svg]
[templates.hibotheme.com/aixio/default/assets/img/icons/shield-white.svg]
[templates.hibotheme.com/aixio/default/assets/img/icons/shield-blue.svg]
[templates.hibotheme.com/aixio/default/assets/img/brand/brand-1.svg]
[templates.hibotheme.com/aixio/default/assets/img/brand/brand-2.svg]
[templates.hibotheme.com/aixio/default/assets/img/brand/brand-3.svg]
[templates.hibotheme.com/aixio/default/assets/img/brand/brand-4.svg]
[templates.hibotheme.com/aixio/default/assets/img/brand/brand-5.svg]
[templates.hibotheme.com/aixio/default/assets/img/brand/brand-6.svg]
[templates.hibotheme.com/aixio/default/assets/img/brand/brand-7.svg]
[templates.hibotheme.com/aixio/default/assets/img/brand/brand-8.svg]
[templates.hibotheme.com/aixio/default/assets/img/icons/left-arrow-large.svg]
[templates.hibotheme.com/aixio/default/assets/img/icons/right-arrow-large.svg]
[templates.hibotheme.com/aixio/default/assets/img/features/automation.svg]
[templates.hibotheme.com/aixio/default/assets/img/features/system-integration.svg]
[templates.hibotheme.com/aixio/default/assets/img/features/analytics.svg]
[templates.hibotheme.com/aixio/default/assets/img/features/modular-design.svg]
[templates.hibotheme.com/aixio/default/assets/img/icons/pin-small.svg]
[templates.hibotheme.com/aixio/default/assets/img/icons/mail-small.svg]
[templates.hibotheme.com/aixio/default/assets/img/icons/phone-small.svg]
[templates.hibotheme.com/aixio/default/assets/img/icons/plane-small.svg]
[templates.hibotheme.com/aixio/default/assets/fonts/remixicon9711.svg]
[templates.hibotheme.com/aixio/default/assets/img/icons/down-arrow-fill-ash.svg]
[templates.hibotheme.com/aixio/default/assets/img/icons/down-arrow-fill-white.svg]
[templates.hibotheme.com/aixio/default/assets/img/icons/search-long-white.svg]
[templates.hibotheme.com/aixio/default/assets/img/icons/rating-box.svg]
[templates.hibotheme.com/aixio/default/assets/img/icons/doc.svg]
[templates.hibotheme.com/aixio/default/assets/img/icons/speaker.svg]
[templates.hibotheme.com/aixio/default/assets/img/icons/up-right-arrow.svg]
[templates.hibotheme.com/aixio/default/assets/img/req-demo-white.svg]
[templates.hibotheme.com/aixio/default/assets/img/hero/circle-text.svg]
[templates.hibotheme.com/aixio/default/assets/img/icons/ransomeware.svg]
[templates.hibotheme.com/aixio/default/assets/img/icons/security.svg]
[templates.hibotheme.com/aixio/default/assets/img/icons/unlocking.svg]
[templates.hibotheme.com/aixio/default/assets/img/icons/phishing.svg]
[templates.hibotheme.com/aixio/default/assets/img/icons/bank.svg]
[templates.hibotheme.com/aixio/default/assets/img/icons/cloud.svg]
[templates.hibotheme.com/aixio/default/assets/img/icons/monitor.svg]
[templates.hibotheme.com/aixio/default/assets/img/icons/desktop.svg]
[templates.hibotheme.com/aixio/default/assets/img/icons/up-right-arrow-white.svg]
[templates.hibotheme.com/aixio/default/assets/img/request-demo.svg]
[templates.hibotheme.com/aixio/default/assets/img/trusted-clients.svg]
[templates.hibotheme.com/aixio/default/assets/img/icons/quote-2.svg]
[templates.hibotheme.com/aixio/default/assets/img/icons/left-arrow-secondary-large.svg]
[templates.hibotheme.com/aixio/default/assets/img/icons/right-arrow-secondary-large.svg]
[templates.hibotheme.com/aixio/default/assets/img/services/service-icon-1.svg]
[templates.hibotheme.com/aixio/default/assets/img/services/service-icon-2.svg]
[templates.hibotheme.com/aixio/default/assets/img/services/service-icon-3.svg]
[templates.hibotheme.com/aixio/default/assets/img/services/service-icon-4.svg]
[templates.hibotheme.com/aixio/default/assets/img/services/service-icon-5.svg]
[templates.hibotheme.com/aixio/default/assets/img/services/service-icon-6.svg]
[templates.hibotheme.com/aixio/default/assets/img/services/service-icon-7.svg]
[templates.hibotheme.com/aixio/default/assets/img/services/service-icon-8.svg]
[templates.hibotheme.com/aixio/default/assets/img/icons/left-arrow-blue.svg]
[templates.hibotheme.com/aixio/default/assets/img/icons/right-arrow-blue-2.svg]
[templates.hibotheme.com/aixio/default/assets/img/icons/quote-white-large.svg]
[templates.hibotheme.com/aixio/default/assets/img/icons/download-icon.svg]
[templates.hibotheme.com/aixio/default/assets/img/icons/search-white.svg]
[templates.hibotheme.com/aixio/default/assets/img/icons/right-arrow-blue.svg]
[templates.hibotheme.com/aixio/default/assets/img/icons/star-small.svg]
[templates.hibotheme.com/aixio/default/assets/img/icons/google.svg]
[templates.hibotheme.com/aixio/default/assets/img/icons/phone-black.svg]
[templates.hibotheme.com/aixio/default/assets/img/icons/pin-black.svg]
